2026-09-01T02:18:34: 
2026-09-01T02:18:34:   VITE v8.1.5  ready in 1329 ms
2026-09-01T02:18:34: 
2026-09-01T02:18:34:   ➜  Local:   http://localhost:3000/
2026-09-01T02:18:34:   ➜  Network: use --host to expose
2026-09-01T04:10:25: 4:10:25 AM [vite] (client) hmr update /src/index.css
2026-09-01T04:11:06: 4:11:06 AM [vite] (client) hmr update /src/index.css
2026-09-01T04:13:08: 4:13:08 AM [vite] (client) hmr update /src/index.css
2026-09-01T04:13:08: 4:13:08 AM [vite] (client) hmr update /src/index.css
2026-09-01T04:13:08: 4:13:08 AM [vite] (client) hmr update /src/index.css
2026-09-01T04:13:08: 4:13:08 AM [vite] (client) hmr update /src/index.css
2026-09-01T04:13:08: 4:13:08 AM [vite] (client) hmr update /src/index.css
2026-09-01T04:13:08: 4:13:08 AM [vite] (client) page reload index.html
2026-09-01T04:13:08: 4:13:08 AM [vite] .env changed, restarting server...
2026-09-01T04:13:13: 4:13:13 AM [vite] server restarted.
2026-09-01T06:28:17: 6:28:17 AM [vite] (client) hmr update /src/index.css
2026-09-01T06:28:17: 6:28:17 AM [vite] (client) hmr update /src/index.css
2026-09-01T06:28:18: 6:28:18 AM [vite] (client) hmr update /src/index.css
2026-09-01T06:28:18: 6:28:18 AM [vite] vite.config.ts changed, restarting server...
2026-09-01T06:28:19: 6:28:19 AM [vite] (client) hmr update /src/index.css
2026-09-01T06:28:19: 6:28:19 AM [vite] (client) hmr update /src/index.css
2026-09-01T06:28:19: 6:28:19 AM [vite] (client) hmr update /src/index.css
2026-09-01T06:28:19: 6:28:19 AM [vite] changed tsconfig file detected: /Users/rakshitbargotra/Documents/free money/free-money/vite-react-ts-tailwind/tsconfig.json - Clearing cache and forcing full-reload to ensure TypeScript is compiled with updated config values.
2026-09-01T06:28:19: 6:28:19 AM [vite] (client) hmr update /src/index.css
2026-09-01T06:28:20: 6:28:20 AM [vite] (client) page reload index.html
2026-09-01T06:28:20: 6:28:20 AM [vite] (client) hmr update /src/index.css
2026-09-01T06:28:20: 6:28:20 AM [vite] .env changed, restarting server...
2026-09-01T06:28:21: 6:28:21 AM [vite] (client) hmr update /src/index.css
2026-09-01T06:28:21: 6:28:21 AM [vite] (client) hmr update /src/index.css
2026-09-01T06:28:21: 6:28:21 AM [vite] (client) hmr update /src/index.css
2026-09-01T07:43:30: 7:43:30 AM [vite] (client) hmr update /src/index.css
2026-09-01T07:43:37: 7:43:37 AM [vite] (client) page reload index.html
2026-09-01T07:43:38: 7:43:38 AM [vite] (client) hmr update /src/index.css
2026-09-01T08:05:02: 
2026-09-01T08:05:02:   VITE v8.1.5  ready in 409 ms
2026-09-01T08:05:02: 
2026-09-01T08:05:02:   ➜  Local:   http://localhost:3000/
2026-09-01T08:05:02:   ➜  Network: use --host to expose
2026-09-01T08:05:03: 8:05:03 AM [vite] (client) [optimizer] scanning dependencies...
2026-09-01T08:05:06: 8:05:06 AM [vite] (client) [optimizer] bundling dependencies...
2026-09-01T11:17:37: 11:17:37 AM [vite] (client) hmr update /src/pages/RealMoneyPage.tsx, /src/index.css
2026-09-01T11:22:49: 11:22:49 AM [vite] (client) hmr update /src/index.css
2026-09-01T11:22:49: 11:22:49 AM [vite] (client) hmr update /src/index.css
2026-09-01T11:22:50: 11:22:50 AM [vite] (client) hmr update /src/index.css
2026-09-01T11:22:55: 11:22:55 AM [vite] changed tsconfig file detected: /Users/rakshitbargotra/Documents/free money/free-money/vite-react-ts-tailwind/tsconfig.json - Clearing cache and forcing full-reload to ensure TypeScript is compiled with updated config values.
2026-09-01T11:22:55: 11:22:55 AM [vite] vite.config.ts changed, restarting server...
2026-09-01T11:23:15: 11:23:15 AM [vite] (client) hmr update /src/index.css
2026-09-01T11:23:15: 11:23:15 AM [vite] (client) hmr update /src/index.css
2026-09-01T11:23:15: 11:23:15 AM [vite] (client) hmr update /src/index.css
2026-09-01T11:23:15: 11:23:15 AM [vite] (client) hmr update /src/index.css
2026-09-01T11:23:15: 11:23:15 AM [vite] (client) page reload index.html
2026-09-01T11:23:15: 11:23:15 AM [vite] (client) hmr update /src/index.css
2026-09-01T11:23:15: 11:23:15 AM [vite] .env changed, restarting server...
2026-09-01T11:23:15: 11:23:15 AM [vite] (client) hmr update /src/index.css
2026-09-01T11:23:15: 11:23:15 AM [vite] (client) hmr update /src/index.css
2026-09-01T11:23:15: 11:23:15 AM [vite] (client) hmr update /src/index.css
2026-09-01T11:23:45: 11:23:45 AM [vite] (client) hmr update /src/pages/RealMoneyPage.tsx, /src/index.css
2026-09-01T11:24:12: 11:24:12 AM [vite] changed tsconfig file detected: /Users/rakshitbargotra/Documents/free money/free-money/vite-react-ts-tailwind/tsconfig.json - Clearing cache and forcing full-reload to ensure TypeScript is compiled with updated config values.
2026-09-01T11:24:12: 11:24:12 AM [vite] (client) hmr update /src/index.css
2026-09-01T11:24:12: 11:24:12 AM [vite] (client) page reload index.html
2026-09-01T11:24:14: 11:24:14 AM [vite] (client) hmr update /src/index.css
2026-09-01T11:24:15: 11:24:15 AM [vite] (client) hmr update /src/index.css
2026-09-01T11:24:17: 11:24:17 AM [vite] (client) hmr update /src/index.css
2026-09-01T11:40:57: 11:40:57 AM [vite] (client) hmr update /src/pages/RealMoneyPage.tsx, /src/index.css
2026-09-01T11:58:01: 11:58:01 AM [vite] (client) hmr update /src/pages/RealMoneyPage.tsx, /src/index.css
2026-09-01T17:26:43: 5:26:43 PM [vite] changed tsconfig file detected: /Users/rakshitbargotra/Documents/free money/free-money/vite-react-ts-tailwind/tsconfig.json - Clearing cache and forcing full-reload to ensure TypeScript is compiled with updated config values.
2026-09-01T17:26:43: 5:26:43 PM [vite] (client) hmr update /src/index.css
2026-09-01T17:26:43: 5:26:43 PM [vite] (client) hmr update /src/index.css
2026-09-01T17:26:44: 5:26:44 PM [vite] (client) page reload index.html
2026-09-01T17:27:45: 5:27:45 PM [vite] (client) hmr update /src/index.css
2026-09-01T17:27:45: 5:27:45 PM [vite] (client) hmr update /src/index.css
2026-09-01T17:27:47: 5:27:47 PM [vite] (client) page reload index.html
2026-09-01T17:27:51: 5:27:51 PM [vite] (client) hmr update /src/index.css
2026-09-01T17:27:54: 5:27:54 PM [vite] (client) hmr update /src/index.css
2026-09-01T17:45:17: 5:45:17 PM [vite] (client) hmr update /src/pages/RealMoneyPage.tsx, /src/index.css
2026-09-01T17:45:19: 5:45:19 PM [vite] changed tsconfig file detected: /Users/rakshitbargotra/Documents/free money/free-money/vite-react-ts-tailwind/tsconfig.json - Clearing cache and forcing full-reload to ensure TypeScript is compiled with updated config values.
2026-09-01T17:45:19: 5:45:19 PM [vite] (client) hmr update /src/index.css
2026-09-01T17:45:21: 5:45:21 PM [vite] (client) hmr update /src/index.css
2026-09-01T17:45:25: 5:45:25 PM [vite] (client) hmr update /src/pages/RealMoneyPage.tsx, /src/index.css
2026-09-01T17:45:34: 5:45:34 PM [vite] (client) hmr update /src/pages/RealMoneyPage.tsx, /src/index.css
2026-09-01T17:45:47: 5:45:47 PM [vite] (client) hmr update /src/pages/RealMoneyPage.tsx, /src/index.css
2026-09-01T17:46:11: 5:46:11 PM [vite] (client) hmr update /src/pages/DashboardPage.tsx, /src/index.css
2026-09-01T17:46:17: 5:46:17 PM [vite] (client) hmr update /src/pages/DashboardPage.tsx, /src/index.css
2026-09-01T17:46:40: 5:46:40 PM [vite] (client) hmr update /src/index.css
2026-09-01T17:46:49: 5:46:49 PM [vite] vite.config.ts changed, restarting server...
2026-09-01T17:46:51: 5:46:51 PM [vite] server restarted.
2026-09-01T17:47:10: 
2026-09-01T17:47:10:   VITE v8.1.5  ready in 521 ms
2026-09-01T17:47:10: 
2026-09-01T17:47:10:   ➜  Local:   http://localhost:3000/
2026-09-01T17:47:10:   ➜  Network: use --host to expose
2026-09-01T23:55:39: 
2026-09-01T23:55:39:   VITE v8.1.5  ready in 1797 ms
2026-09-01T23:55:39: 
2026-09-01T23:55:39:   ➜  Local:   http://localhost:3000/
2026-09-01T23:55:39:   ➜  Network: use --host to expose
