npm notice run free-money-app@1.0.0 start
npm notice run node server.js
Device ID: desktop-a0oeuir-s3dzc1r-mrwauy2r
MongoDB persistence disabled - using in-memory storage for opportunities
Skipping opportunity sync - persistence disabled
Starting agent management system...
(node:5832) [MONGOOSE] Warning: Duplicate schema index on {"userId":1} found. This is often due to declaring an index using both "index: true" and "schema.index()". Please remove the duplicate index definition.
(Use `node --trace-warnings ...` to show where the warning was created)
node:events:487
      throw er; // Unhandled 'error' event
      ^

Error: listen EADDRINUSE: address already in use :::5002
    at Server.setupListenHandle [as _listen2] (node:net:2008:16)
    at listenInCluster (node:net:2065:12)
    at Server.listen (node:net:2170:7)
    at app.listen (C:\Users\rakshit\Downloads\free money\free-money-1\node_modules\express\lib\application.js:635:24)
    at startServer (C:\Users\rakshit\Downloads\free money\free-money-1\server.js:158:7)
    at Object.<anonymous> (C:\Users\rakshit\Downloads\free money\free-money-1\server.js:202:1)
    at Module._compile (node:internal/modules/cjs/loader:1854:14)
    at Object..js (node:internal/modules/cjs/loader:1985:10)
    at Module.load (node:internal/modules/cjs/loader:1577:32)
    at Module._load (node:internal/modules/cjs/loader:1379:12)
Emitted 'error' event on Server instance at:
    at emitErrorNT (node:net:2044:8)
    at process.processTicksAndRejections (node:internal/process/task_queues:90:21) {
  code: 'EADDRINUSE',
  errno: -4091,
  syscall: 'listen',
  address: '::',
  port: 5002
}

Node.js v24.16.0
